---
source: compiler-core/src/go/tests/functions.rs
expression: "\nfn a() {\n    True\n}"
---
package mod

func a() bool {
  return true
}
