---
source: compiler-core/src/go/tests/functions.rs
expression: "\nfn a() {\n    #(\"heya\", 111)\n}"
---
package mod

func a() struct {
F0 string
  F1 int
} {
  return struct {
  F0 string
    F1 int
  }{F0: "heya", F1: 111}
}
