---
source: compiler-core/src/go/tests/functions.rs
expression: "\nfn a() {\n    \"heya\"\n}"
---
package mod

func a() string {
  return "heya"
}
